/Users/tjfernandes/Documents/Faculdade/SRSC/SRSC_TP2/FServerAccessControl/src/main/java/org/example/Crypto/CryptoStuff.java
/Users/tjfernandes/Documents/Faculdade/SRSC/SRSC_TP2/FServerAccessControl/src/main/java/org/example/utils/TicketGrantingTicket.java
/Users/tjfernandes/Documents/Faculdade/SRSC/SRSC_TP2/FServerAccessControl/src/main/java/org/example/Crypto/CryptoException.java
/Users/tjfernandes/Documents/Faculdade/SRSC/SRSC_TP2/FServerAccessControl/src/main/java/org/example/utils/Wrapper.java
/Users/tjfernandes/Documents/Faculdade/SRSC/SRSC_TP2/FServerAccessControl/src/main/java/org/example/utils/Authenticator.java
/Users/tjfernandes/Documents/Faculdade/SRSC/SRSC_TP2/FServerAccessControl/src/main/java/org/example/utils/ResponseTGSMessage.java
/Users/tjfernandes/Documents/Faculdade/SRSC/SRSC_TP2/FServerAccessControl/src/main/java/org/example/Main.java
/Users/tjfernandes/Documents/Faculdade/SRSC/SRSC_TP2/FServerAccessControl/src/main/java/org/example/utils/ServiceGrantingTicket.java
/Users/tjfernandes/Documents/Faculdade/SRSC/SRSC_TP2/FServerAccessControl/src/main/java/org/example/utils/RequestTGSMessage.java
