/Users/tjfernandes/Documents/Faculdade/SRSC/SRSC_TP2/FServerAuth/src/main/java/org/example/Authentication.java
/Users/tjfernandes/Documents/Faculdade/SRSC/SRSC_TP2/FServerAuth/src/main/java/org/example/crypto/CryptoStuff.java
/Users/tjfernandes/Documents/Faculdade/SRSC/SRSC_TP2/FServerAuth/src/main/java/org/example/utils/User.java
/Users/tjfernandes/Documents/Faculdade/SRSC/SRSC_TP2/FServerAuth/src/main/java/org/example/utils/Wrapper.java
/Users/tjfernandes/Documents/Faculdade/SRSC/SRSC_TP2/FServerAuth/src/main/java/org/example/utils/RequestAuthenticationMessage.java
/Users/tjfernandes/Documents/Faculdade/SRSC/SRSC_TP2/FServerAuth/src/main/java/org/example/crypto/CryptoException.java
/Users/tjfernandes/Documents/Faculdade/SRSC/SRSC_TP2/FServerAuth/src/main/java/org/example/Main.java
/Users/tjfernandes/Documents/Faculdade/SRSC/SRSC_TP2/FServerAuth/src/main/java/org/example/utils/TicketGrantingTicket.java
/Users/tjfernandes/Documents/Faculdade/SRSC/SRSC_TP2/FServerAuth/src/main/java/org/example/utils/ResponseAuthenticationMessage.java
